== PRIMARY (averaged trace-normalised cross-split Gram, L8-L20)
  causal R2 star 0.520 base 0.846 | H1 genealogy gain 0.096 p=0.0005 REJECT | H2 OV gain 0.114 p=0.0002 REJECT | H1|OV p=0.0007 OV|H1 p=0.0001 | H3 mean pct 0.124 p=0.0078 (143s)
         CLAIM genealogy: True | CLAIM word order: True
  lda05  R2 star 0.749 base 0.920 | H1 genealogy gain 0.288 p=0.0001 REJECT | H2 OV gain 0.195 p=0.0001 REJECT | H1|OV p=0.0001 OV|H1 p=0.0001 | H3 mean pct 0.005 p=0.0001 (142s)
         CLAIM genealogy: True | CLAIM word order: True
== SECONDARY: sqrt(ntok) pooling variant (same tests, 2000 permutations)
  causal H1 gain 0.079 p=0.0025 | H2 gain 0.046 p=0.0005 | H3 p=0.1119
  lda05  H1 gain 0.200 p=0.0010 | H2 gain 0.058 p=0.0005 | H3 p=0.0830
== DESCRIPTIVE: per layer x metric (500 permutations, no multiplicity claims)
  L 0 euc H1 0.12 (p 0.002) H2 0.02 (p 0.004) | lda01 H1 0.21 (p 0.004) H2 0.01 (p 0.016) | lda05 H1 0.18 (p 0.004) H2 0.02 (p 0.010) | causal H1 0.11 (p 0.002) H2 0.02 (p 0.004)
  L 1 euc H1 0.25 (p 0.002) H2 0.05 (p 0.002) | lda01 H1 0.43 (p 0.002) H2 0.01 (p 0.012) | lda05 H1 0.47 (p 0.002) H2 0.02 (p 0.006) | causal H1 0.29 (p 0.002) H2 0.08 (p 0.002)
  L 2 euc H1 0.25 (p 0.002) H2 0.04 (p 0.002) | lda01 H1 0.41 (p 0.002) H2 0.01 (p 0.014) | lda05 H1 0.43 (p 0.002) H2 0.02 (p 0.004) | causal H1 0.23 (p 0.002) H2 0.06 (p 0.002)
  L 3 euc H1 0.47 (p 0.002) H2 0.07 (p 0.002) | lda01 H1 0.40 (p 0.002) H2 0.06 (p 0.002) | lda05 H1 0.46 (p 0.002) H2 0.09 (p 0.002) | causal H1 0.46 (p 0.002) H2 0.13 (p 0.002)
  L 4 euc H1 0.38 (p 0.002) H2 0.08 (p 0.002) | lda01 H1 0.40 (p 0.002) H2 0.07 (p 0.002) | lda05 H1 0.45 (p 0.002) H2 0.11 (p 0.002) | causal H1 0.32 (p 0.002) H2 0.14 (p 0.002)
  L 5 euc H1 0.29 (p 0.002) H2 0.08 (p 0.002) | lda01 H1 0.40 (p 0.002) H2 0.09 (p 0.002) | lda05 H1 0.43 (p 0.002) H2 0.12 (p 0.002) | causal H1 0.26 (p 0.002) H2 0.13 (p 0.002)
  L 6 euc H1 0.15 (p 0.002) H2 0.05 (p 0.004) | lda01 H1 0.36 (p 0.002) H2 0.07 (p 0.002) | lda05 H1 0.37 (p 0.002) H2 0.13 (p 0.002) | causal H1 0.18 (p 0.002) H2 0.10 (p 0.002)
  L 7 euc H1 0.11 (p 0.002) H2 0.04 (p 0.006) | lda01 H1 0.35 (p 0.002) H2 0.09 (p 0.002) | lda05 H1 0.33 (p 0.002) H2 0.14 (p 0.002) | causal H1 0.12 (p 0.002) H2 0.16 (p 0.002)
  L 8 euc H1 0.12 (p 0.002) H2 0.06 (p 0.002) | lda01 H1 0.34 (p 0.002) H2 0.10 (p 0.002) | lda05 H1 0.33 (p 0.002) H2 0.14 (p 0.002) | causal H1 0.13 (p 0.002) H2 0.16 (p 0.002)
  L 9 euc H1 0.10 (p 0.002) H2 0.04 (p 0.006) | lda01 H1 0.35 (p 0.002) H2 0.11 (p 0.002) | lda05 H1 0.32 (p 0.002) H2 0.14 (p 0.002) | causal H1 0.09 (p 0.002) H2 0.09 (p 0.002)
  L10 euc H1 0.11 (p 0.002) H2 0.06 (p 0.002) | lda01 H1 0.35 (p 0.002) H2 0.14 (p 0.002) | lda05 H1 0.32 (p 0.002) H2 0.19 (p 0.002) | causal H1 0.10 (p 0.002) H2 0.15 (p 0.002)
  L11 euc H1 0.10 (p 0.002) H2 0.06 (p 0.002) | lda01 H1 0.33 (p 0.002) H2 0.14 (p 0.002) | lda05 H1 0.29 (p 0.002) H2 0.17 (p 0.002) | causal H1 0.08 (p 0.002) H2 0.11 (p 0.002)
  L12 euc H1 0.08 (p 0.002) H2 0.04 (p 0.004) | lda01 H1 0.32 (p 0.002) H2 0.14 (p 0.002) | lda05 H1 0.28 (p 0.002) H2 0.18 (p 0.002) | causal H1 0.08 (p 0.004) H2 0.10 (p 0.002)
  L13 euc H1 0.09 (p 0.002) H2 0.05 (p 0.002) | lda01 H1 0.33 (p 0.002) H2 0.14 (p 0.002) | lda05 H1 0.28 (p 0.002) H2 0.18 (p 0.002) | causal H1 0.08 (p 0.006) H2 0.09 (p 0.002)
  L14 euc H1 0.09 (p 0.002) H2 0.06 (p 0.002) | lda01 H1 0.33 (p 0.002) H2 0.12 (p 0.002) | lda05 H1 0.28 (p 0.002) H2 0.17 (p 0.002) | causal H1 0.09 (p 0.002) H2 0.11 (p 0.002)
  L15 euc H1 0.11 (p 0.002) H2 0.10 (p 0.002) | lda01 H1 0.30 (p 0.002) H2 0.15 (p 0.002) | lda05 H1 0.26 (p 0.002) H2 0.22 (p 0.002) | causal H1 0.10 (p 0.002) H2 0.13 (p 0.002)
  L16 euc H1 0.09 (p 0.002) H2 0.08 (p 0.002) | lda01 H1 0.29 (p 0.002) H2 0.16 (p 0.002) | lda05 H1 0.25 (p 0.002) H2 0.21 (p 0.002) | causal H1 0.09 (p 0.002) H2 0.11 (p 0.002)
  L17 euc H1 0.10 (p 0.002) H2 0.07 (p 0.002) | lda01 H1 0.32 (p 0.002) H2 0.14 (p 0.002) | lda05 H1 0.27 (p 0.002) H2 0.20 (p 0.002) | causal H1 0.09 (p 0.002) H2 0.09 (p 0.002)
  L18 euc H1 0.10 (p 0.002) H2 0.07 (p 0.002) | lda01 H1 0.32 (p 0.002) H2 0.15 (p 0.002) | lda05 H1 0.27 (p 0.002) H2 0.21 (p 0.002) | causal H1 0.09 (p 0.002) H2 0.10 (p 0.002)
  L19 euc H1 0.09 (p 0.002) H2 0.06 (p 0.002) | lda01 H1 0.33 (p 0.002) H2 0.15 (p 0.002) | lda05 H1 0.28 (p 0.002) H2 0.20 (p 0.002) | causal H1 0.10 (p 0.002) H2 0.09 (p 0.002)
  L20 euc H1 0.16 (p 0.002) H2 0.16 (p 0.002) | lda01 H1 0.34 (p 0.002) H2 0.18 (p 0.002) | lda05 H1 0.29 (p 0.002) H2 0.24 (p 0.002) | causal H1 0.13 (p 0.002) H2 0.13 (p 0.002)
  L21 euc H1 0.18 (p 0.002) H2 0.14 (p 0.002) | lda01 H1 0.37 (p 0.002) H2 0.14 (p 0.002) | lda05 H1 0.33 (p 0.002) H2 0.19 (p 0.002) | causal H1 0.15 (p 0.002) H2 0.11 (p 0.002)
  L22 euc H1 0.20 (p 0.002) H2 0.09 (p 0.002) | lda01 H1 0.35 (p 0.002) H2 0.10 (p 0.002) | lda05 H1 0.32 (p 0.002) H2 0.13 (p 0.002) | causal H1 0.18 (p 0.002) H2 0.11 (p 0.002)
  L23 euc H1 0.27 (p 0.002) H2 0.07 (p 0.002) | lda01 H1 0.37 (p 0.002) H2 0.08 (p 0.002) | lda05 H1 0.39 (p 0.002) H2 0.11 (p 0.002) | causal H1 0.26 (p 0.002) H2 0.09 (p 0.002)
  L24 euc H1 0.30 (p 0.002) H2 0.03 (p 0.004) | lda01 H1 0.40 (p 0.002) H2 0.08 (p 0.002) | lda05 H1 0.46 (p 0.002) H2 0.09 (p 0.002) | causal H1 0.33 (p 0.002) H2 0.09 (p 0.002)
  L25 euc H1 0.25 (p 0.002) H2 0.02 (p 0.008) | lda01 H1 0.37 (p 0.002) H2 0.09 (p 0.002) | lda05 H1 0.42 (p 0.002) H2 0.10 (p 0.002) | causal H1 0.33 (p 0.002) H2 0.07 (p 0.002)
  L26 euc H1 0.37 (p 0.002) H2 0.00 (p 0.060) | lda01 H1 0.36 (p 0.002) H2 0.09 (p 0.002) | lda05 H1 0.45 (p 0.002) H2 0.09 (p 0.002) | causal H1 0.47 (p 0.002) H2 0.03 (p 0.002)
  L27 euc H1 0.31 (p 0.002) H2 0.00 (p 0.110) | lda01 H1 0.45 (p 0.002) H2 0.05 (p 0.002) | lda05 H1 0.49 (p 0.002) H2 0.04 (p 0.002) | causal H1 0.20 (p 0.002) H2 0.00 (p 0.202)
  L28 euc H1 0.04 (p 0.032) H2 0.00 (p 1.000) | lda01 H1 0.35 (p 0.002) H2 0.04 (p 0.002) | lda05 H1 0.28 (p 0.002) H2 0.02 (p 0.004) | causal H1 0.16 (p 0.002) H2 0.00 (p 0.048)
